// Jest Snapshot v1, https://goo.gl/fbAQLP

exports[`core-plugin: directory matches snapshot 1`] = `
Object {
  "directory_collection": Array [
    Object {
      "directory_id": "",
      "files": Array [
        Object {
          "file_id": "L19fVEVTVF9f",
        },
      ],
    },
  ],
  "sourceCode": "foo()",
}
`;
