// Jest Snapshot v1, https://goo.gl/fbAQLP

exports[`Core: ObjectMember > 
    const superHero = {
      /** @property {string} name - super hero name */
      name: 'Batman',
      /** @property {string} power - super hero power */
      power: 'Super Rich',
      attack() {},
      level: 100,
    } 1`] = `
Array [
  Object {
    "file_id": "__TEST__",
    "jsdoc": Array [
      Object {
        "description": "",
        "tags": Array [
          Object {
            "description": "super hero name",
            "name": "name",
            "title": "property",
            "type": Object {
              "name": "string",
              "type": "NameExpression",
            },
          },
        ],
      },
    ],
    "objectMember_id": "name",
    "object_id": "superHero",
  },
  Object {
    "file_id": "__TEST__",
    "jsdoc": Array [
      Object {
        "description": "",
        "tags": Array [
          Object {
            "description": "super hero power",
            "name": "power",
            "title": "property",
            "type": Object {
              "name": "string",
              "type": "NameExpression",
            },
          },
        ],
      },
    ],
    "objectMember_id": "power",
    "object_id": "superHero",
  },
  Object {
    "file_id": "__TEST__",
    "jsdoc": undefined,
    "objectMember_id": "attack",
    "object_id": "superHero",
  },
  Object {
    "file_id": "__TEST__",
    "jsdoc": undefined,
    "objectMember_id": "level",
    "object_id": "superHero",
  },
]
`;

exports[`Core: ObjectMember > const foo = { bar: { name: "baz" }} 1`] = `
Array [
  Object {
    "file_id": "__TEST__",
    "jsdoc": undefined,
    "objectMember_id": "bar",
    "object_id": "foo",
  },
  Object {
    "file_id": "__TEST__",
    "jsdoc": undefined,
    "objectMember_id": "name",
    "object_id": "bar",
  },
]
`;

exports[`Core: ObjectMember > const foo = {} 1`] = `Array []`;

exports[`Core: ObjectMember > const obj = {
      foo: bar,
      baz: bez,
      fn() { },
      thing: () => {},
      num: 100,
      numstr: "onehundred",
      dfn: function () {}
    } 1`] = `
Array [
  Object {
    "file_id": "__TEST__",
    "jsdoc": undefined,
    "objectMember_id": "foo",
    "object_id": "obj",
  },
  Object {
    "file_id": "__TEST__",
    "jsdoc": undefined,
    "objectMember_id": "baz",
    "object_id": "obj",
  },
  Object {
    "file_id": "__TEST__",
    "jsdoc": undefined,
    "objectMember_id": "fn",
    "object_id": "obj",
  },
  Object {
    "file_id": "__TEST__",
    "jsdoc": undefined,
    "objectMember_id": "thing",
    "object_id": "obj",
  },
  Object {
    "file_id": "__TEST__",
    "jsdoc": undefined,
    "objectMember_id": "num",
    "object_id": "obj",
  },
  Object {
    "file_id": "__TEST__",
    "jsdoc": undefined,
    "objectMember_id": "numstr",
    "object_id": "obj",
  },
  Object {
    "file_id": "__TEST__",
    "jsdoc": undefined,
    "objectMember_id": "dfn",
    "object_id": "obj",
  },
]
`;
